1 - UtilsTestCase::test_signFix : OK
1 - UtilsTestCase::test_swapBytes : OK
1 - UtilsTestCase::test_worldDataArrayToCorbaSeq : OK
1 - UtilsTestCase::test_worldToRaw : OK
1 - UtilsTestCase::test_rawToWorld : OK
1 - UtilsTestCase::test_RODevIOEntering...
1 - Exiting...
1 - Entering...
1 - Exiting...
1 - Entering...
1 - Exiting...
1 - Entering...
1 - Exiting...
1 - Entering...
1 - Exiting...
1 - Entering...
1 - Exiting...
1 - Entering...
1 - Exiting...
1 - Entering...
1 - Exiting...
1 -  : OK
1 - UtilsTestCase::test_CacheOK (7)
1 -  : OK
